Archive member included to satisfy reference by file (symbol)

g:/study/vixuly/stm32cubeide_1.7.0/stm32cubeide/plugins/com.st.stm32cube.ide.mcu.externaltools.gnu-tools-for-stm32.9-2020-q2-update.win32_2.0.0.202105311346/tools/bin/../lib/gcc/arm-none-eabi/9.3.1/../../../../arm-none-eabi/lib/thumb/v7-m/nofp\libc_nano.a(lib_a-errno.o)
                              ./Core/Src/syscalls.o (__errno)
g:/study/vixuly/stm32cubeide_1.7.0/stm32cubeide/plugins/com.st.stm32cube.ide.mcu.externaltools.gnu-tools-for-stm32.9-2020-q2-update.win32_2.0.0.202105311346/tools/bin/../lib/gcc/arm-none-eabi/9.3.1/../../../../arm-none-eabi/lib/thumb/v7-m/nofp\libc_nano.a(lib_a-exit.o)
                              g:/study/vixuly/stm32cubeide_1.7.0/stm32cubeide/plugins/com.st.stm32cube.ide.mcu.externaltools.gnu-tools-for-stm32.9-2020-q2-update.win32_2.0.0.202105311346/tools/bin/../lib/gcc/arm-none-eabi/9.3.1/../../../../arm-none-eabi/lib/thumb/v7-m/nofp/crt0.o (exit)
g:/study/vixuly/stm32cubeide_1.7.0/stm32cubeide/plugins/com.st.stm32cube.ide.mcu.externaltools.gnu-tools-for-stm32.9-2020-q2-update.win32_2.0.0.202105311346/tools/bin/../lib/gcc/arm-none-eabi/9.3.1/../../../../arm-none-eabi/lib/thumb/v7-m/nofp\libc_nano.a(lib_a-impure.o)
                              g:/study/vixuly/stm32cubeide_1.7.0/stm32cubeide/plugins/com.st.stm32cube.ide.mcu.externaltools.gnu-tools-for-stm32.9-2020-q2-update.win32_2.0.0.202105311346/tools/bin/../lib/gcc/arm-none-eabi/9.3.1/../../../../arm-none-eabi/lib/thumb/v7-m/nofp\libc_nano.a(lib_a-exit.o) (_global_impure_ptr)
g:/study/vixuly/stm32cubeide_1.7.0/stm32cubeide/plugins/com.st.stm32cube.ide.mcu.externaltools.gnu-tools-for-stm32.9-2020-q2-update.win32_2.0.0.202105311346/tools/bin/../lib/gcc/arm-none-eabi/9.3.1/../../../../arm-none-eabi/lib/thumb/v7-m/nofp\libc_nano.a(lib_a-init.o)
                              g:/study/vixuly/stm32cubeide_1.7.0/stm32cubeide/plugins/com.st.stm32cube.ide.mcu.externaltools.gnu-tools-for-stm32.9-2020-q2-update.win32_2.0.0.202105311346/tools/bin/../lib/gcc/arm-none-eabi/9.3.1/../../../../arm-none-eabi/lib/thumb/v7-m/nofp/crt0.o (__libc_init_array)
g:/study/vixuly/stm32cubeide_1.7.0/stm32cubeide/plugins/com.st.stm32cube.ide.mcu.externaltools.gnu-tools-for-stm32.9-2020-q2-update.win32_2.0.0.202105311346/tools/bin/../lib/gcc/arm-none-eabi/9.3.1/../../../../arm-none-eabi/lib/thumb/v7-m/nofp\libc_nano.a(lib_a-memset.o)
                              g:/study/vixuly/stm32cubeide_1.7.0/stm32cubeide/plugins/com.st.stm32cube.ide.mcu.externaltools.gnu-tools-for-stm32.9-2020-q2-update.win32_2.0.0.202105311346/tools/bin/../lib/gcc/arm-none-eabi/9.3.1/../../../../arm-none-eabi/lib/thumb/v7-m/nofp/crt0.o (memset)

Allocating common symbols
Common symbol       size              file

traffic_state2      0x4               ./Core/Src/global.o
traffic_state1      0x4               ./Core/Src/global.o
uwTick              0x4               ./Drivers/STM32F1xx_HAL_Driver/Src/stm32f1xx_hal.o
pFlash              0x20              ./Drivers/STM32F1xx_HAL_Driver/Src/stm32f1xx_hal_flash.o
counter1            0x4               ./Core/Src/global.o
htim2               0x48              ./Core/Src/main.o
counter2            0x4               ./Core/Src/global.o

Discarded input sections

 .text          0x0000000000000000        0x0 g:/study/vixuly/stm32cubeide_1.7.0/stm32cubeide/plugins/com.st.stm32cube.ide.mcu.externaltools.gnu-tools-for-stm32.9-2020-q2-update.win32_2.0.0.202105311346/tools/bin/../lib/gcc/arm-none-eabi/9.3.1/thumb/v7-m/nofp/crti.o
 .data          0x0000000000000000        0x0 g:/study/vixuly/stm32cubeide_1.7.0/stm32cubeide/plugins/com.st.stm32cube.ide.mcu.externaltools.gnu-tools-for-stm32.9-2020-q2-update.win32_2.0.0.202105311346/tools/bin/../lib/gcc/arm-none-eabi/9.3.1/thumb/v7-m/nofp/crti.o
 .bss           0x0000000000000000        0x0 g:/study/vixuly/stm32cubeide_1.7.0/stm32cubeide/plugins/com.st.stm32cube.ide.mcu.externaltools.gnu-tools-for-stm32.9-2020-q2-update.win32_2.0.0.202105311346/tools/bin/../lib/gcc/arm-none-eabi/9.3.1/thumb/v7-m/nofp/crti.o
 .data          0x0000000000000000        0x4 g:/study/vixuly/stm32cubeide_1.7.0/stm32cubeide/plugins/com.st.stm32cube.ide.mcu.externaltools.gnu-tools-for-stm32.9-2020-q2-update.win32_2.0.0.202105311346/tools/bin/../lib/gcc/arm-none-eabi/9.3.1/thumb/v7-m/nofp/crtbegin.o
 .text          0x0000000000000000       0x7c g:/study/vixuly/stm32cubeide_1.7.0/stm32cubeide/plugins/com.st.stm32cube.ide.mcu.externaltools.gnu-tools-for-stm32.9-2020-q2-update.win32_2.0.0.202105311346/tools/bin/../lib/gcc/arm-none-eabi/9.3.1/../../../../arm-none-eabi/lib/thumb/v7-m/nofp/crt0.o
 .data          0x0000000000000000        0x0 g:/study/vixuly/stm32cubeide_1.7.0/stm32cubeide/plugins/com.st.stm32cube.ide.mcu.externaltools.gnu-tools-for-stm32.9-2020-q2-update.win32_2.0.0.202105311346/tools/bin/../lib/gcc/arm-none-eabi/9.3.1/../../../../arm-none-eabi/lib/thumb/v7-m/nofp/crt0.o
[...]
Memory Configuration

Name             Origin             Length             Attributes
RAM              0x0000000020000000 0x0000000000002800 xrw
FLASH            0x0000000008000000 0x0000000000008000 xr
*default*        0x0000000000000000 0xffffffffffffffff

Linker script and memory map

LOAD g:/study/vixuly/stm32cubeide_1.7.0/stm32cubeide/plugins/com.st.stm32cube.ide.mcu.externaltools.gnu-tools-for-stm32.9-2020-q2-update.win32_2.0.0.202105311346/tools/bin/../lib/gcc/arm-none-eabi/9.3.1/thumb/v7-m/nofp/crti.o
LOAD g:/study/vixuly/stm32cubeide_1.7.0/stm32cubeide/plugins/com.st.stm32cube.ide.mcu.externaltools.gnu-tools-for-stm32.9-2020-q2-update.win32_2.0.0.202105311346/tools/bin/../lib/gcc/arm-none-eabi/9.3.1/thumb/v7-m/nofp/crtbegin.o
LOAD g:/study/vixuly/stm32cubeide_1.7.0/stm32cubeide/plugins/com.st.stm32cube.ide.mcu.externaltools.gnu-tools-for-stm32.9-2020-q2-update.win32_2.0.0.202105311346/tools/bin/../lib/gcc/arm-none-eabi/9.3.1/../../../../arm-none-eabi/lib/thumb/v7-m/nofp/crt0.o
LOAD ./Core/Src/button.o
LOAD ./Core/Src/display7segment.o
LOAD ./Core/Src/fsm_automatic.o
LOAD ./Core/Src/global.o
LOAD ./Core/Src/main.o
LOAD ./Core/Src/software_timer.o
LOAD ./Core/Src/stm32f1xx_hal_msp.o
LOAD ./Core/Src/stm32f1xx_it.o
LOAD ./Core/Src/syscalls.o
LOAD ./Core/Src/sysmem.o
LOAD ./Core/Src/system_stm32f1xx.o
LOAD ./Core/Src/trafficlight.o
LOAD ./Core/Startup/startup_stm32f103c6ux.o
LOAD ./Drivers/STM32F1xx_HAL_Driver/Src/stm32f1xx_hal.o
LOAD ./Drivers/STM32F1xx_HAL_Driver/Src/stm32f1xx_hal_cortex.o
LOAD ./Drivers/STM32F1xx_HAL_Driver/Src/stm32f1xx_hal_dma.o
LOAD ./Drivers/STM32F1xx_HAL_Driver/Src/stm32f1xx_hal_exti.o
LOAD ./Drivers/STM32F1xx_HAL_Driver/Src/stm32f1xx_hal_flash.o
LOAD ./Drivers/STM32F1xx_HAL_Driver/Src/stm32f1xx_hal_flash_ex.o
LOAD ./Drivers/STM32F1xx_HAL_Driver/Src/stm32f1xx_hal_gpio.o
LOAD ./Drivers/STM32F1xx_HAL_Driver/Src/stm32f1xx_hal_gpio_ex.o
LOAD ./Drivers/STM32F1xx_HAL_Driver/Src/stm32f1xx_hal_pwr.o
LOAD ./Drivers/STM32F1xx_HAL_Driver/Src/stm32f1xx_hal_rcc.o
LOAD ./Drivers/STM32F1xx_HAL_Driver/Src/stm32f1xx_hal_rcc_ex.o
LOAD ./Drivers/STM32F1xx_HAL_Driver/Src/stm32f1xx_hal_tim.o
LOAD ./Drivers/STM32F1xx_HAL_Driver/Src/stm32f1xx_hal_tim_ex.o
START GROUP
LOAD g:/study/vixuly/stm32cubeide_1.7.0/stm32cubeide/plugins/com.st.stm32cube.ide.mcu.externaltools.gnu-tools-for-stm32.9-2020-q2-update.win32_2.0.0.202105311346/tools/bin/../lib/gcc/arm-none-eabi/9.3.1/../../../../arm-none-eabi/lib/thumb/v7-m/nofp\libc_nano.a
LOAD g:/study/vixuly/stm32cubeide_1.7.0/stm32cubeide/plugins/com.st.stm32cube.ide.mcu.externaltools.gnu-tools-for-stm32.9-2020-q2-update.win32_2.0.0.202105311346/tools/bin/../lib/gcc/arm-none-eabi/9.3.1/../../../../arm-none-eabi/lib/thumb/v7-m/nofp\libm.a
END GROUP
START GROUP
LOAD g:/study/vixuly/stm32cubeide_1.7.0/stm32cubeide/plugins/com.st.stm32cube.ide.mcu.externaltools.gnu-tools-for-stm32.9-2020-q2-update.win32_2.0.0.202105311346/tools/bin/../lib/gcc/arm-none-eabi/9.3.1/thumb/v7-m/nofp\libgcc.a
LOAD g:/study/vixuly/stm32cubeide_1.7.0/stm32cubeide/plugins/com.st.stm32cube.ide.mcu.externaltools.gnu-tools-for-stm32.9-2020-q2-update.win32_2.0.0.202105311346/tools/bin/../lib/gcc/arm-none-eabi/9.3.1/../../../../arm-none-eabi/lib/thumb/v7-m/nofp\libc_nano.a
END GROUP
START GROUP
LOAD g:/study/vixuly/stm32cubeide_1.7.0/stm32cubeide/plugins/com.st.stm32cube.ide.mcu.externaltools.gnu-tools-for-stm32.9-2020-q2-update.win32_2.0.0.202105311346/tools/bin/../lib/gcc/arm-none-eabi/9.3.1/thumb/v7-m/nofp\libgcc.a
LOAD g:/study/vixuly/stm32cubeide_1.7.0/stm32cubeide/plugins/com.st.stm32cube.ide.mcu.externaltools.gnu-tools-for-stm32.9-2020-q2-update.win32_2.0.0.202105311346/tools/bin/../lib/gcc/arm-none-eabi/9.3.1/../../../../arm-none-eabi/lib/thumb/v7-m/nofp\libc_nano.a
LOAD g:/study/vixuly/stm32cubeide_1.7.0/stm32cubeide/plugins/com.st.stm32cube.ide.mcu.externaltools.gnu-tools-for-stm32.9-2020-q2-update.win32_2.0.0.202105311346/tools/bin/../lib/gcc/arm-none-eabi/9.3.1/../../../../arm-none-eabi/lib/thumb/v7-m/nofp\libnosys.a
END GROUP
START GROUP
LOAD g:/study/vixuly/stm32cubeide_1.7.0/stm32cubeide/plugins/com.st.stm32cube.ide.mcu.externaltools.gnu-tools-for-stm32.9-2020-q2-update.win32_2.0.0.202105311346/tools/bin/../lib/gcc/arm-none-eabi/9.3.1/thumb/v7-m/nofp\libgcc.a
LOAD g:/study/vixuly/stm32cubeide_1.7.0/stm32cubeide/plugins/com.st.stm32cube.ide.mcu.externaltools.gnu-tools-for-stm32.9-2020-q2-update.win32_2.0.0.202105311346/tools/bin/../lib/gcc/arm-none-eabi/9.3.1/../../../../arm-none-eabi/lib/thumb/v7-m/nofp\libc_nano.a
LOAD g:/study/vixuly/stm32cubeide_1.7.0/stm32cubeide/plugins/com.st.stm32cube.ide.mcu.externaltools.gnu-tools-for-stm32.9-2020-q2-update.win32_2.0.0.202105311346/tools/bin/../lib/gcc/arm-none-eabi/9.3.1/../../../../arm-none-eabi/lib/thumb/v7-m/nofp\libnosys.a
END GROUP
LOAD g:/study/vixuly/stm32cubeide_1.7.0/stm32cubeide/plugins/com.st.stm32cube.ide.mcu.externaltools.gnu-tools-for-stm32.9-2020-q2-update.win32_2.0.0.202105311346/tools/bin/../lib/gcc/arm-none-eabi/9.3.1/thumb/v7-m/nofp/crtend.o
LOAD g:/study/vixuly/stm32cubeide_1.7.0/stm32cubeide/plugins/com.st.stm32cube.ide.mcu.externaltools.gnu-tools-for-stm32.9-2020-q2-update.win32_2.0.0.202105311346/tools/bin/../lib/gcc/arm-none-eabi/9.3.1/thumb/v7-m/nofp/crtn.o
                0x0000000020002800                _estack = (ORIGIN (RAM) + LENGTH (RAM))
                0x0000000000000200                _Min_Heap_Size = 0x200
                0x0000000000000400                _Min_Stack_Size = 0x400

.isr_vector     0x0000000008000000      0x10c
                0x0000000008000000                . = ALIGN (0x4)
 *(.isr_vector)
 .isr_vector    0x0000000008000000      0x10c ./Core/Startup/startup_stm32f103c6ux.o
                0x0000000008000000                g_pfnVectors
                0x000000000800010c                . = ALIGN (0x4)

.text           0x000000000800010c     0x2750
                0x000000000800010c                . = ALIGN (0x4)
 *(.text)
 .text          0x000000000800010c       0x40 g:/study/vixuly/stm32cubeide_1.7.0/stm32cubeide/plugins/com.st.stm32cube.ide.mcu.externaltools.gnu-tools-for-stm32.9-2020-q2-update.win32_2.0.0.202105311346/tools/bin/../lib/gcc/arm-none-eabi/9.3.1/thumb/v7-m/nofp/crtbegin.o
 *(.text*)
 .text.isButton1Pressed
                0x000000000800014c       0x24 ./Core/Src/button.o
                0x000000000800014c                isButton1Pressed
 .text.isButton2Pressed
                0x0000000008000170       0x24 ./Core/Src/button.o
                0x0000000008000170                isButton2Pressed
 .text.isButton3Pressed
                0x0000000008000194       0x24 ./Core/Src/button.o
                0x0000000008000194                isButton3Pressed
 .text.subKey1Process
                0x00000000080001b8       0x18 ./Core/Src/button.o
                0x00000000080001b8                subKey1Process
 .text.subKey2Process
                0x00000000080001d0       0x18 ./Core/Src/button.o
                0x00000000080001d0                subKey2Process
 .text.subKey3Process
                0x00000000080001e8       0x18 ./Core/Src/button.o
                0x00000000080001e8                subKey3Process
 .text.getKeyInput
                0x0000000008000200      0x14c ./Core/Src/button.o
                0x0000000008000200                getKeyInput
 .text.display7SEG_Mode
                0x000000000800034c       0xb0 ./Core/Src/display7segment.o
                0x000000000800034c                display7SEG_Mode
 .text.display7SEG_traffic_light2
                0x00000000080003fc      0x12c ./Core/Src/display7segment.o
                0x00000000080003fc                display7SEG_traffic_light2
 .text.display7SEG_traffic_light1
                0x0000000008000528      0x158 ./Core/Src/display7segment.o
                0x0000000008000528                display7SEG_traffic_light1
 .text.fsm_mode
                0x0000000008000680       0xbc ./Core/Src/fsm_automatic.o
                0x0000000008000680                fsm_mode
 .text.main     0x000000000800073c       0x64 ./Core/Src/main.o
                0x000000000800073c                main
 .text.SystemClock_Config
                0x00000000080007a0       0x76 ./Core/Src/main.o
                0x00000000080007a0                SystemClock_Config
 *fill*         0x0000000008000816        0x2 
 .text.MX_TIM2_Init
                0x0000000008000818       0x98 ./Core/Src/main.o
 .text.MX_GPIO_Init
                0x00000000080008b0       0xe4 ./Core/Src/main.o
 .text.HAL_TIM_PeriodElapsedCallback
                0x0000000008000994       0x18 ./Core/Src/main.o
                0x0000000008000994                HAL_TIM_PeriodElapsedCallback
 .text.Error_Handler
                0x00000000080009ac        0xa ./Core/Src/main.o
                0x00000000080009ac                Error_Handler
 *fill*         0x00000000080009b6        0x2 
 .text.setTimer1
                0x00000000080009b8       0x28 ./Core/Src/software_timer.o
                0x00000000080009b8                setTimer1
 .text.setTimer2
                0x00000000080009e0       0x28 ./Core/Src/software_timer.o
                0x00000000080009e0                setTimer2
 .text.timerRun
                0x0000000008000a08       0xfc ./Core/Src/software_timer.o
                0x0000000008000a08                timerRun
 .text.HAL_MspInit
                0x0000000008000b04       0x64 ./Core/Src/stm32f1xx_hal_msp.o
                0x0000000008000b04                HAL_MspInit
 .text.HAL_TIM_Base_MspInit
                0x0000000008000b68       0x48 ./Core/Src/stm32f1xx_hal_msp.o
                0x0000000008000b68                HAL_TIM_Base_MspInit
 .text.NMI_Handler
                0x0000000008000bb0        0x6 ./Core/Src/stm32f1xx_it.o
                0x0000000008000bb0                NMI_Handler
 .text.HardFault_Handler
                0x0000000008000bb6        0x6 ./Core/Src/stm32f1xx_it.o
                0x0000000008000bb6                HardFault_Handler
 .text.MemManage_Handler
                0x0000000008000bbc        0x6 ./Core/Src/stm32f1xx_it.o
                0x0000000008000bbc                MemManage_Handler
 .text.BusFault_Handler
                0x0000000008000bc2        0x6 ./Core/Src/stm32f1xx_it.o
                0x0000000008000bc2                BusFault_Handler
 .text.UsageFault_Handler
                0x0000000008000bc8        0x6 ./Core/Src/stm32f1xx_it.o
                0x0000000008000bc8                UsageFault_Handler
 .text.SVC_Handler
                0x0000000008000bce        0xc ./Core/Src/stm32f1xx_it.o
                0x0000000008000bce                SVC_Handler
 .text.DebugMon_Handler
                0x0000000008000bda        0xc ./Core/Src/stm32f1xx_it.o
                0x0000000008000bda                DebugMon_Handler
 .text.PendSV_Handler
                0x0000000008000be6        0xc ./Core/Src/stm32f1xx_it.o
                0x0000000008000be6                PendSV_Handler
 .text.SysTick_Handler
                0x0000000008000bf2        0xc ./Core/Src/stm32f1xx_it.o
                0x0000000008000bf2                SysTick_Handler
 *fill*         0x0000000008000bfe        0x2 
 .text.TIM2_IRQHandler
                0x0000000008000c00       0x14 ./Core/Src/stm32f1xx_it.o
                0x0000000008000c00                TIM2_IRQHandler
 .text.SystemInit
                0x0000000008000c14        0xc ./Core/Src/system_stm32f1xx.o
                0x0000000008000c14                SystemInit
 .text.setTrafficLight1
                0x0000000008000c20       0x70 ./Core/Src/trafficlight.o
                0x0000000008000c20                setTrafficLight1
 .text.setTrafficLight2
                0x0000000008000c90       0x70 ./Core/Src/trafficlight.o
                0x0000000008000c90                setTrafficLight2
 .text.update7SEG_light1
                0x0000000008000d00       0x8c ./Core/Src/trafficlight.o
                0x0000000008000d00                update7SEG_light1
 .text.update7SEG_light2
                0x0000000008000d8c       0x8c ./Core/Src/trafficlight.o
                0x0000000008000d8c                update7SEG_light2
 .text.getNextState
                0x0000000008000e18       0x3a ./Core/Src/trafficlight.o
                0x0000000008000e18                getNextState
 *fill*         0x0000000008000e52        0x2 
 .text.getDuration
                0x0000000008000e54       0x50 ./Core/Src/trafficlight.o
                0x0000000008000e54                getDuration
 .text.init     0x0000000008000ea4       0x50 ./Core/Src/trafficlight.o
                0x0000000008000ea4                init
 .text.trafficLightRun
                0x0000000008000ef4      0x114 ./Core/Src/trafficlight.o
                0x0000000008000ef4                trafficLightRun
 .text.manualLight
                0x0000000008001008       0x88 ./Core/Src/trafficlight.o
                0x0000000008001008                manualLight
 .text.ConfigTimeREDLight
                0x0000000008001090       0x70 ./Core/Src/trafficlight.o
                0x0000000008001090                ConfigTimeREDLight
 .text.setTimeREDLight
                0x0000000008001100       0x30 ./Core/Src/trafficlight.o
                0x0000000008001100                setTimeREDLight
 .text.ConfigTimeGreenLight
                0x0000000008001130       0x84 ./Core/Src/trafficlight.o
                0x0000000008001130                ConfigTimeGreenLight
 .text.setTimeGreenLight
                0x00000000080011b4       0x48 ./Core/Src/trafficlight.o
                0x00000000080011b4                setTimeGreenLight
 .text.Reset_Handler
                0x00000000080011fc       0x48 ./Core/Startup/startup_stm32f103c6ux.o
                0x00000000080011fc                Reset_Handler
 .text.Default_Handler
                0x0000000008001244        0x2 ./Core/Startup/startup_stm32f103c6ux.o
                0x0000000008001244                RTC_Alarm_IRQHandler
                0x0000000008001244                EXTI2_IRQHandler
                0x0000000008001244                TIM1_CC_IRQHandler
                0x0000000008001244                PVD_IRQHandler
                0x0000000008001244                EXTI3_IRQHandler
                0x0000000008001244                EXTI0_IRQHandler
                0x0000000008001244                ADC1_2_IRQHandler
                0x0000000008001244                SPI1_IRQHandler
                0x0000000008001244                TAMPER_IRQHandler
                0x0000000008001244                DMA1_Channel4_IRQHandler
                0x0000000008001244                RTC_IRQHandler
                0x0000000008001244                DMA1_Channel7_IRQHandler
                0x0000000008001244                CAN1_RX1_IRQHandler
                0x0000000008001244                I2C1_EV_IRQHandler
                0x0000000008001244                DMA1_Channel6_IRQHandler
                0x0000000008001244                TIM3_IRQHandler
                0x0000000008001244                RCC_IRQHandler
                0x0000000008001244                TIM1_TRG_COM_IRQHandler
                0x0000000008001244                DMA1_Channel1_IRQHandler
                0x0000000008001244                Default_Handler
                0x0000000008001244                EXTI15_10_IRQHandler
                0x0000000008001244                EXTI9_5_IRQHandler
                0x0000000008001244                DMA1_Channel5_IRQHandler
                0x0000000008001244                EXTI4_IRQHandler
                0x0000000008001244                USB_LP_CAN1_RX0_IRQHandler
                0x0000000008001244                USB_HP_CAN1_TX_IRQHandler
                0x0000000008001244                DMA1_Channel3_IRQHandler
                0x0000000008001244                TIM1_UP_IRQHandler
                0x0000000008001244                WWDG_IRQHandler
                0x0000000008001244                TIM1_BRK_IRQHandler
                0x0000000008001244                EXTI1_IRQHandler
                0x0000000008001244                USART2_IRQHandler
                0x0000000008001244                DMA1_Channel2_IRQHandler
                0x0000000008001244                CAN1_SCE_IRQHandler
                0x0000000008001244                FLASH_IRQHandler
                0x0000000008001244                USART1_IRQHandler
                0x0000000008001244                I2C1_ER_IRQHandler
                0x0000000008001244                USBWakeUp_IRQHandler
 *fill*         0x0000000008001246        0x2 
 .text.HAL_Init
                0x0000000008001248       0x2c ./Drivers/STM32F1xx_HAL_Driver/Src/stm32f1xx_hal.o
                0x0000000008001248                HAL_Init
 .text.HAL_InitTick
                0x0000000008001274       0x60 ./Drivers/STM32F1xx_HAL_Driver/Src/stm32f1xx_hal.o
                0x0000000008001274                HAL_InitTick
 .text.HAL_IncTick
                0x00000000080012d4       0x24 ./Drivers/STM32F1xx_HAL_Driver/Src/stm32f1xx_hal.o
                0x00000000080012d4                HAL_IncTick
 .text.HAL_GetTick
                0x00000000080012f8       0x14 ./Drivers/STM32F1xx_HAL_Driver/Src/stm32f1xx_hal.o
                0x00000000080012f8                HAL_GetTick
 .text.__NVIC_SetPriorityGrouping
                0x000000000800130c       0x48 ./Drivers/STM32F1xx_HAL_Driver/Src/stm32f1xx_hal_cortex.o
 .text.__NVIC_GetPriorityGrouping
                0x0000000008001354       0x1c ./Drivers/STM32F1xx_HAL_Driver/Src/stm32f1xx_hal_cortex.o
 .text.__NVIC_EnableIRQ
                0x0000000008001370       0x38 ./Drivers/STM32F1xx_HAL_Driver/Src/stm32f1xx_hal_cortex.o
 .text.__NVIC_SetPriority
                0x00000000080013a8       0x54 ./Drivers/STM32F1xx_HAL_Driver/Src/stm32f1xx_hal_cortex.o
 .text.NVIC_EncodePriority
                0x00000000080013fc       0x64 ./Drivers/STM32F1xx_HAL_Driver/Src/stm32f1xx_hal_cortex.o
 .text.SysTick_Config
                0x0000000008001460       0x44 ./Drivers/STM32F1xx_HAL_Driver/Src/stm32f1xx_hal_cortex.o
 .text.HAL_NVIC_SetPriorityGrouping
                0x00000000080014a4       0x16 ./Drivers/STM32F1xx_HAL_Driver/Src/stm32f1xx_hal_cortex.o
                0x00000000080014a4                HAL_NVIC_SetPriorityGrouping
 .text.HAL_NVIC_SetPriority
                0x00000000080014ba       0x38 ./Drivers/STM32F1xx_HAL_Driver/Src/stm32f1xx_hal_cortex.o
                0x00000000080014ba                HAL_NVIC_SetPriority
 .text.HAL_NVIC_EnableIRQ
                0x00000000080014f2       0x1c ./Drivers/STM32F1xx_HAL_Driver/Src/stm32f1xx_hal_cortex.o
                0x00000000080014f2                HAL_NVIC_EnableIRQ
 .text.HAL_SYSTICK_Config
                0x000000000800150e       0x18 ./Drivers/STM32F1xx_HAL_Driver/Src/stm32f1xx_hal_cortex.o
                0x000000000800150e                HAL_SYSTICK_Config
 *fill*         0x0000000008001526        0x2 
 .text.HAL_GPIO_Init
                0x0000000008001528      0x2f4 ./Drivers/STM32F1xx_HAL_Driver/Src/stm32f1xx_hal_gpio.o
                0x0000000008001528                HAL_GPIO_Init
 .text.HAL_GPIO_ReadPin
                0x000000000800181c       0x2e ./Drivers/STM32F1xx_HAL_Driver/Src/stm32f1xx_hal_gpio.o
                0x000000000800181c                HAL_GPIO_ReadPin
 .text.HAL_GPIO_WritePin
                0x000000000800184a       0x30 ./Drivers/STM32F1xx_HAL_Driver/Src/stm32f1xx_hal_gpio.o
                0x000000000800184a                HAL_GPIO_WritePin
 *fill*         0x000000000800187a        0x2 
 .text.HAL_RCC_OscConfig
                0x000000000800187c      0x500 ./Drivers/STM32F1xx_HAL_Driver/Src/stm32f1xx_hal_rcc.o
                0x000000000800187c                HAL_RCC_OscConfig
 .text.HAL_RCC_ClockConfig
                0x0000000008001d7c      0x1d4 ./Drivers/STM32F1xx_HAL_Driver/Src/stm32f1xx_hal_rcc.o
                0x0000000008001d7c                HAL_RCC_ClockConfig
 .text.HAL_RCC_GetSysClockFreq
                0x0000000008001f50       0xa8 ./Drivers/STM32F1xx_HAL_Driver/Src/stm32f1xx_hal_rcc.o
                0x0000000008001f50                HAL_RCC_GetSysClockFreq
 .text.RCC_Delay
                0x0000000008001ff8       0x3c ./Drivers/STM32F1xx_HAL_Driver/Src/stm32f1xx_hal_rcc.o
 .text.HAL_TIM_Base_Init
                0x0000000008002034       0x9e ./Drivers/STM32F1xx_HAL_Driver/Src/stm32f1xx_hal_tim.o
                0x0000000008002034                HAL_TIM_Base_Init
 *fill*         0x00000000080020d2        0x2 
 .text.HAL_TIM_Base_Start_IT
                0x00000000080020d4       0x98 ./Drivers/STM32F1xx_HAL_Driver/Src/stm32f1xx_hal_tim.o
                0x00000000080020d4                HAL_TIM_Base_Start_IT
 .text.HAL_TIM_IRQHandler
                0x000000000800216c      0x1e0 ./Drivers/STM32F1xx_HAL_Driver/Src/stm32f1xx_hal_tim.o
                0x000000000800216c                HAL_TIM_IRQHandler
 .text.HAL_TIM_ConfigClockSource
                0x000000000800234c      0x18e ./Drivers/STM32F1xx_HAL_Driver/Src/stm32f1xx_hal_tim.o
                0x000000000800234c                HAL_TIM_ConfigClockSource
 .text.HAL_TIM_OC_DelayElapsedCallback
                0x00000000080024da       0x12 ./Drivers/STM32F1xx_HAL_Driver/Src/stm32f1xx_hal_tim.o
                0x00000000080024da                HAL_TIM_OC_DelayElapsedCallback
 .text.HAL_TIM_IC_CaptureCallback
                0x00000000080024ec       0x12 ./Drivers/STM32F1xx_HAL_Driver/Src/stm32f1xx_hal_tim.o
                0x00000000080024ec                HAL_TIM_IC_CaptureCallback
 .text.HAL_TIM_PWM_PulseFinishedCallback
                0x00000000080024fe       0x12 ./Drivers/STM32F1xx_HAL_Driver/Src/stm32f1xx_hal_tim.o
                0x00000000080024fe                HAL_TIM_PWM_PulseFinishedCallback
 .text.HAL_TIM_TriggerCallback
                0x0000000008002510       0x12 ./Drivers/STM32F1xx_HAL_Driver/Src/stm32f1xx_hal_tim.o
                0x0000000008002510                HAL_TIM_TriggerCallback
 *fill*         0x0000000008002522        0x2 
 .text.TIM_Base_SetConfig
                0x0000000008002524       0xc8 ./Drivers/STM32F1xx_HAL_Driver/Src/stm32f1xx_hal_tim.o
                0x0000000008002524                TIM_Base_SetConfig
 .text.TIM_TI1_ConfigInputStage
                0x00000000080025ec       0x5c ./Drivers/STM32F1xx_HAL_Driver/Src/stm32f1xx_hal_tim.o
 .text.TIM_TI2_ConfigInputStage
                0x0000000008002648       0x5e ./Drivers/STM32F1xx_HAL_Driver/Src/stm32f1xx_hal_tim.o
 .text.TIM_ITRx_SetConfig
                0x00000000080026a6       0x34 ./Drivers/STM32F1xx_HAL_Driver/Src/stm32f1xx_hal_tim.o
 .text.TIM_ETR_SetConfig
                0x00000000080026da       0x3e ./Drivers/STM32F1xx_HAL_Driver/Src/stm32f1xx_hal_tim.o
                0x00000000080026da                TIM_ETR_SetConfig
 .text.HAL_TIMEx_MasterConfigSynchronization
                0x0000000008002718       0xb0 ./Drivers/STM32F1xx_HAL_Driver/Src/stm32f1xx_hal_tim_ex.o
                0x0000000008002718                HAL_TIMEx_MasterConfigSynchronization
 .text.HAL_TIMEx_CommutCallback
                0x00000000080027c8       0x12 ./Drivers/STM32F1xx_HAL_Driver/Src/stm32f1xx_hal_tim_ex.o
                0x00000000080027c8                HAL_TIMEx_CommutCallback
 .text.HAL_TIMEx_BreakCallback
                0x00000000080027da       0x12 ./Drivers/STM32F1xx_HAL_Driver/Src/stm32f1xx_hal_tim_ex.o
                0x00000000080027da                HAL_TIMEx_BreakCallback
 .text.__libc_init_array
                0x00000000080027ec       0x48 g:/study/vixuly/stm32cubeide_1.7.0/stm32cubeide/plugins/com.st.stm32cube.ide.mcu.externaltools.gnu-tools-for-stm32.9-2020-q2-update.win32_2.0.0.202105311346/tools/bin/../lib/gcc/arm-none-eabi/9.3.1/../../../../arm-none-eabi/lib/thumb/v7-m/nofp\libc_nano.a(lib_a-init.o)
                0x00000000080027ec                __libc_init_array
 .text.memset   0x0000000008002834       0x10 g:/study/vixuly/stm32cubeide_1.7.0/stm32cubeide/plugins/com.st.stm32cube.ide.mcu.externaltools.gnu-tools-for-stm32.9-2020-q2-update.win32_2.0.0.202105311346/tools/bin/../lib/gcc/arm-none-eabi/9.3.1/../../../../arm-none-eabi/lib/thumb/v7-m/nofp\libc_nano.a(lib_a-memset.o)
                0x0000000008002834                memset
 *(.glue_7)
 .glue_7        0x0000000008002844        0x0 linker stubs
 *(.glue_7t)
 .glue_7t       0x0000000008002844        0x0 linker stubs
 *(.eh_frame)
 .eh_frame      0x0000000008002844        0x0 g:/study/vixuly/stm32cubeide_1.7.0/stm32cubeide/plugins/com.st.stm32cube.ide.mcu.externaltools.gnu-tools-for-stm32.9-2020-q2-update.win32_2.0.0.202105311346/tools/bin/../lib/gcc/arm-none-eabi/9.3.1/thumb/v7-m/nofp/crtbegin.o
 *(.init)
 .init          0x0000000008002844        0x4 g:/study/vixuly/stm32cubeide_1.7.0/stm32cubeide/plugins/com.st.stm32cube.ide.mcu.externaltools.gnu-tools-for-stm32.9-2020-q2-update.win32_2.0.0.202105311346/tools/bin/../lib/gcc/arm-none-eabi/9.3.1/thumb/v7-m/nofp/crti.o
                0x0000000008002844                _init
 .init          0x0000000008002848        0x8 g:/study/vixuly/stm32cubeide_1.7.0/stm32cubeide/plugins/com.st.stm32cube.ide.mcu.externaltools.gnu-tools-for-stm32.9-2020-q2-update.win32_2.0.0.202105311346/tools/bin/../lib/gcc/arm-none-eabi/9.3.1/thumb/v7-m/nofp/crtn.o
 *(.fini)
 .fini          0x0000000008002850        0x4 g:/study/vixuly/stm32cubeide_1.7.0/stm32cubeide/plugins/com.st.stm32cube.ide.mcu.externaltools.gnu-tools-for-stm32.9-2020-q2-update.win32_2.0.0.202105311346/tools/bin/../lib/gcc/arm-none-eabi/9.3.1/thumb/v7-m/nofp/crti.o
                0x0000000008002850                _fini
 .fini          0x0000000008002854        0x8 g:/study/vixuly/stm32cubeide_1.7.0/stm32cubeide/plugins/com.st.stm32cube.ide.mcu.externaltools.gnu-tools-for-stm32.9-2020-q2-update.win32_2.0.0.202105311346/tools/bin/../lib/gcc/arm-none-eabi/9.3.1/thumb/v7-m/nofp/crtn.o
                0x000000000800285c                . = ALIGN (0x4)
                0x000000000800285c                _etext = .

.vfp11_veneer   0x000000000800285c        0x0
 .vfp11_veneer  0x000000000800285c        0x0 linker stubs

.v4_bx          0x000000000800285c        0x0
 .v4_bx         0x000000000800285c        0x0 linker stubs

.iplt           0x000000000800285c        0x0
 .iplt          0x000000000800285c        0x0 g:/study/vixuly/stm32cubeide_1.7.0/stm32cubeide/plugins/com.st.stm32cube.ide.mcu.externaltools.gnu-tools-for-stm32.9-2020-q2-update.win32_2.0.0.202105311346/tools/bin/../lib/gcc/arm-none-eabi/9.3.1/thumb/v7-m/nofp/crtbegin.o

.rodata         0x000000000800285c       0x24
                0x000000000800285c                . = ALIGN (0x4)
 *(.rodata)
 *(.rodata*)
 .rodata.AHBPrescTable
                0x000000000800285c       0x10 ./Core/Src/system_stm32f1xx.o
                0x000000000800285c                AHBPrescTable
 .rodata.aPLLMULFactorTable.6032
                0x000000000800286c       0x10 ./Drivers/STM32F1xx_HAL_Driver/Src/stm32f1xx_hal_rcc.o
 .rodata.aPredivFactorTable.6033
                0x000000000800287c        0x2 ./Drivers/STM32F1xx_HAL_Driver/Src/stm32f1xx_hal_rcc.o
                0x0000000008002880                . = ALIGN (0x4)
 *fill*         0x000000000800287e        0x2 

.rel.dyn        0x0000000008002880        0x0
 .rel.iplt      0x0000000008002880        0x0 g:/study/vixuly/stm32cubeide_1.7.0/stm32cubeide/plugins/com.st.stm32cube.ide.mcu.externaltools.gnu-tools-for-stm32.9-2020-q2-update.win32_2.0.0.202105311346/tools/bin/../lib/gcc/arm-none-eabi/9.3.1/thumb/v7-m/nofp/crtbegin.o

.ARM.extab      0x0000000008002880        0x0
                0x0000000008002880                . = ALIGN (0x4)
 *(.ARM.extab* .gnu.linkonce.armextab.*)
                0x0000000008002880                . = ALIGN (0x4)

.ARM            0x0000000008002880        0x0
                0x0000000008002880                . = ALIGN (0x4)
                0x0000000008002880                __exidx_start = .
 *(.ARM.exidx*)
                0x0000000008002880                __exidx_end = .
                0x0000000008002880                . = ALIGN (0x4)

.preinit_array  0x0000000008002880        0x0
                0x0000000008002880                . = ALIGN (0x4)
                0x0000000008002880                PROVIDE (__preinit_array_start = .)
 *(.preinit_array*)
                0x0000000008002880                PROVIDE (__preinit_array_end = .)
                0x0000000008002880                . = ALIGN (0x4)

.init_array     0x0000000008002880        0x4
                0x0000000008002880                . = ALIGN (0x4)
                0x0000000008002880                PROVIDE (__init_array_start = .)
 *(SORT_BY_NAME(.init_array.*))
 *(.init_array*)
 .init_array    0x0000000008002880        0x4 g:/study/vixuly/stm32cubeide_1.7.0/stm32cubeide/plugins/com.st.stm32cube.ide.mcu.externaltools.gnu-tools-for-stm32.9-2020-q2-update.win32_2.0.0.202105311346/tools/bin/../lib/gcc/arm-none-eabi/9.3.1/thumb/v7-m/nofp/crtbegin.o
                0x0000000008002884                PROVIDE (__init_array_end = .)
                0x0000000008002884                . = ALIGN (0x4)

.fini_array     0x0000000008002884        0x4
                0x0000000008002884                . = ALIGN (0x4)
                [!provide]                        PROVIDE (__fini_array_start = .)
 *(SORT_BY_NAME(.fini_array.*))
 *(.fini_array*)
 .fini_array    0x0000000008002884        0x4 g:/study/vixuly/stm32cubeide_1.7.0/stm32cubeide/plugins/com.st.stm32cube.ide.mcu.externaltools.gnu-tools-for-stm32.9-2020-q2-update.win32_2.0.0.202105311346/tools/bin/../lib/gcc/arm-none-eabi/9.3.1/thumb/v7-m/nofp/crtbegin.o
                [!provide]                        PROVIDE (__fini_array_end = .)
                0x0000000008002888                . = ALIGN (0x4)
                0x0000000008002888                _sidata = LOADADDR (.data)

.data           0x0000000020000000       0x50 load address 0x0000000008002888
                0x0000000020000000                . = ALIGN (0x4)
                0x0000000020000000                _sdata = .
 *(.data)
 *(.data*)
 .data.KeyReg0  0x0000000020000000        0x4 ./Core/Src/button.o
                0x0000000020000000                KeyReg0
 .data.KeyReg1  0x0000000020000004        0x4 ./Core/Src/button.o
                0x0000000020000004                KeyReg1
 .data.KeyReg2  0x0000000020000008        0x4 ./Core/Src/button.o
                0x0000000020000008                KeyReg2
 .data.KeyReg3  0x000000002000000c        0x4 ./Core/Src/button.o
                0x000000002000000c                KeyReg3
 .data.KeyReg00
                0x0000000020000010        0x4 ./Core/Src/button.o
                0x0000000020000010                KeyReg00
 .data.KeyReg01
                0x0000000020000014        0x4 ./Core/Src/button.o
                0x0000000020000014                KeyReg01
 .data.KeyReg02
                0x0000000020000018        0x4 ./Core/Src/button.o
                0x0000000020000018                KeyReg02
 .data.KeyReg03
                0x000000002000001c        0x4 ./Core/Src/button.o
                0x000000002000001c                KeyReg03
 .data.KeyReg10
                0x0000000020000020        0x4 ./Core/Src/button.o
                0x0000000020000020                KeyReg10
 .data.KeyReg11
                0x0000000020000024        0x4 ./Core/Src/button.o
                0x0000000020000024                KeyReg11
 .data.KeyReg12
                0x0000000020000028        0x4 ./Core/Src/button.o
                0x0000000020000028                KeyReg12
 .data.KeyReg13
                0x000000002000002c        0x4 ./Core/Src/button.o
                0x000000002000002c                KeyReg13
 .data.RED_DURATION
                0x0000000020000030        0x4 ./Core/Src/global.o
                0x0000000020000030                RED_DURATION
 .data.YELLOW_DURATION
                0x0000000020000034        0x4 ./Core/Src/global.o
                0x0000000020000034                YELLOW_DURATION
 .data.GREEN_DURATION
                0x0000000020000038        0x4 ./Core/Src/global.o
                0x0000000020000038                GREEN_DURATION
 .data.temp_red_time
                0x000000002000003c        0x4 ./Core/Src/global.o
                0x000000002000003c                temp_red_time
 .data.temp_green_time
                0x0000000020000040        0x4 ./Core/Src/global.o
                0x0000000020000040                temp_green_time
 .data.SystemCoreClock
                0x0000000020000044        0x4 ./Core/Src/system_stm32f1xx.o
                0x0000000020000044                SystemCoreClock
 .data.uwTickPrio
                0x0000000020000048        0x4 ./Drivers/STM32F1xx_HAL_Driver/Src/stm32f1xx_hal.o
                0x0000000020000048                uwTickPrio
 .data.uwTickFreq
                0x000000002000004c        0x1 ./Drivers/STM32F1xx_HAL_Driver/Src/stm32f1xx_hal.o
                0x000000002000004c                uwTickFreq
 *(.RamFunc)
 *(.RamFunc*)
                0x0000000020000050                . = ALIGN (0x4)
 *fill*         0x000000002000004d        0x3 
                0x0000000020000050                _edata = .

.igot.plt       0x0000000020000050        0x0 load address 0x00000000080028d8
 .igot.plt      0x0000000020000050        0x0 g:/study/vixuly/stm32cubeide_1.7.0/stm32cubeide/plugins/com.st.stm32cube.ide.mcu.externaltools.gnu-tools-for-stm32.9-2020-q2-update.win32_2.0.0.202105311346/tools/bin/../lib/gcc/arm-none-eabi/9.3.1/thumb/v7-m/nofp/crtbegin.o
                0x0000000020000050                . = ALIGN (0x4)

.bss            0x0000000020000050       0xc0 load address 0x00000000080028d8
                0x0000000020000050                _sbss = .
                0x0000000020000050                __bss_start__ = _sbss
 *(.bss)
 .bss           0x0000000020000050       0x1c g:/study/vixuly/stm32cubeide_1.7.0/stm32cubeide/plugins/com.st.stm32cube.ide.mcu.externaltools.gnu-tools-for-stm32.9-2020-q2-update.win32_2.0.0.202105311346/tools/bin/../lib/gcc/arm-none-eabi/9.3.1/thumb/v7-m/nofp/crtbegin.o
 *(.bss*)
 .bss.button1_flag
                0x000000002000006c        0x4 ./Core/Src/button.o
                0x000000002000006c                button1_flag
 .bss.button2_flag
                0x0000000020000070        0x4 ./Core/Src/button.o
                0x0000000020000070                button2_flag
 .bss.button3_flag
                0x0000000020000074        0x4 ./Core/Src/button.o
                0x0000000020000074                button3_flag
 .bss.mode      0x0000000020000078        0x4 ./Core/Src/global.o
                0x0000000020000078                mode
 .bss.switch_seg
                0x000000002000007c        0x4 ./Core/Src/global.o
                0x000000002000007c                switch_seg
 .bss.config_done_flag
                0x0000000020000080        0x4 ./Core/Src/global.o
                0x0000000020000080                config_done_flag
 .bss.timer1_counter
                0x0000000020000084        0x4 ./Core/Src/software_timer.o
                0x0000000020000084                timer1_counter
 .bss.timer1_flag
                0x0000000020000088        0x4 ./Core/Src/software_timer.o
                0x0000000020000088                timer1_flag
 .bss.timer2_counter
                0x000000002000008c        0x4 ./Core/Src/software_timer.o
                0x000000002000008c                timer2_counter
 .bss.timer2_flag
                0x0000000020000090        0x4 ./Core/Src/software_timer.o
                0x0000000020000090                timer2_flag
 .bss.timer3_counter
                0x0000000020000094        0x4 ./Core/Src/software_timer.o
                0x0000000020000094                timer3_counter
 .bss.timer3_flag
                0x0000000020000098        0x4 ./Core/Src/software_timer.o
                0x0000000020000098                timer3_flag
 .bss.timer4_counter
                0x000000002000009c        0x4 ./Core/Src/software_timer.o
                0x000000002000009c                timer4_counter
 .bss.timer4_flag
                0x00000000200000a0        0x4 ./Core/Src/software_timer.o
                0x00000000200000a0                timer4_flag
 .bss.timer5_counter
                0x00000000200000a4        0x4 ./Core/Src/software_timer.o
                0x00000000200000a4                timer5_counter
 .bss.timer5_flag
                0x00000000200000a8        0x4 ./Core/Src/software_timer.o
                0x00000000200000a8                timer5_flag
 .bss.timer6_counter
                0x00000000200000ac        0x4 ./Core/Src/software_timer.o
                0x00000000200000ac                timer6_counter
 .bss.timer6_flag
                0x00000000200000b0        0x4 ./Core/Src/software_timer.o
                0x00000000200000b0                timer6_flag
 *(COMMON)
 COMMON         0x00000000200000b4       0x10 ./Core/Src/global.o
                0x00000000200000b4                traffic_state2
                0x00000000200000b8                traffic_state1
                0x00000000200000bc                counter1
                0x00000000200000c0                counter2
 COMMON         0x00000000200000c4       0x48 ./Core/Src/main.o
                0x00000000200000c4                htim2
 COMMON         0x000000002000010c        0x4 ./Drivers/STM32F1xx_HAL_Driver/Src/stm32f1xx_hal.o
                0x000000002000010c                uwTick
                0x0000000020000110                . = ALIGN (0x4)
                0x0000000020000110                _ebss = .
                0x0000000020000110                __bss_end__ = _ebss

._user_heap_stack
                0x0000000020000110      0x600 load address 0x00000000080028d8
                0x0000000020000110                . = ALIGN (0x8)
                [!provide]                        PROVIDE (end = .)
                0x0000000020000110                PROVIDE (_end = .)
                0x0000000020000310                . = (. + _Min_Heap_Size)
 *fill*         0x0000000020000110      0x200 
                0x0000000020000710                . = (. + _Min_Stack_Size)
 *fill*         0x0000000020000310      0x400 
                0x0000000020000710                . = ALIGN (0x8)

/DISCARD/
 libc.a(*)
 libm.a(*)
 libgcc.a(*)

.ARM.attributes
                0x0000000000000000       0x29
 *(.ARM.attributes)
 .ARM.attributes
                0x0000000000000000       0x1d g:/study/vixuly/stm32cubeide_1.7.0/stm32cubeide/plugins/com.st.stm32cube.ide.mcu.externaltools.gnu-tools-for-stm32.9-2020-q2-update.win32_2.0.0.202105311346/tools/bin/../lib/gcc/arm-none-eabi/9.3.1/thumb/v7-m/nofp/crti.o
 .ARM.attributes
                0x000000000000001d       0x2d g:/study/vixuly/stm32cubeide_1.7.0/stm32cubeide/plugins/com.st.stm32cube.ide.mcu.externaltools.gnu-tools-for-stm32.9-2020-q2-update.win32_2.0.0.202105311346/tools/bin/../lib/gcc/arm-none-eabi/9.3.1/thumb/v7-m/nofp/crtbegin.o
 .ARM.attributes
                0x000000000000004a       0x2d ./Core/Src/button.o
 .ARM.attributes
                0x0000000000000077       0x2d ./Core/Src/display7segment.o
 .ARM.attributes
                0x00000000000000a4       0x2d ./Core/Src/fsm_automatic.o
 .ARM.attributes
                0x00000000000000d1       0x33 ./Core/Src/global.o
 .ARM.attributes
                0x0000000000000104       0x2d ./Core/Src/main.o
 .ARM.attributes
                0x0000000000000131       0x2d ./Core/Src/software_timer.o
 .ARM.attributes
                0x000000000000015e       0x2d ./Core/Src/stm32f1xx_hal_msp.o
 .ARM.attributes
                0x000000000000018b       0x2d ./Core/Src/stm32f1xx_it.o
 .ARM.attributes
                0x00000000000001b8       0x2d ./Core/Src/system_stm32f1xx.o
 .ARM.attributes
                0x00000000000001e5       0x2d ./Core/Src/trafficlight.o
 .ARM.attributes
                0x0000000000000212       0x21 ./Core/Startup/startup_stm32f103c6ux.o
 .ARM.attributes
                0x0000000000000233       0x2d ./Drivers/STM32F1xx_HAL_Driver/Src/stm32f1xx_hal.o
 .ARM.attributes
                0x0000000000000260       0x2d ./Drivers/STM32F1xx_HAL_Driver/Src/stm32f1xx_hal_cortex.o
 .ARM.attributes
                0x000000000000028d       0x2d ./Drivers/STM32F1xx_HAL_Driver/Src/stm32f1xx_hal_gpio.o
 .ARM.attributes
                0x00000000000002ba       0x2d ./Drivers/STM32F1xx_HAL_Driver/Src/stm32f1xx_hal_rcc.o
 .ARM.attributes
                0x00000000000002e7       0x2d ./Drivers/STM32F1xx_HAL_Driver/Src/stm32f1xx_hal_tim.o
 .ARM.attributes
                0x0000000000000314       0x2d ./Drivers/STM32F1xx_HAL_Driver/Src/stm32f1xx_hal_tim_ex.o
 .ARM.attributes
                0x0000000000000341       0x2d g:/study/vixuly/stm32cubeide_1.7.0/stm32cubeide/plugins/com.st.stm32cube.ide.mcu.externaltools.gnu-tools-for-stm32.9-2020-q2-update.win32_2.0.0.202105311346/tools/bin/../lib/gcc/arm-none-eabi/9.3.1/../../../../arm-none-eabi/lib/thumb/v7-m/nofp\libc_nano.a(lib_a-init.o)
 .ARM.attributes
                0x000000000000036e       0x2d g:/study/vixuly/stm32cubeide_1.7.0/stm32cubeide/plugins/com.st.stm32cube.ide.mcu.externaltools.gnu-tools-for-stm32.9-2020-q2-update.win32_2.0.0.202105311346/tools/bin/../lib/gcc/arm-none-eabi/9.3.1/../../../../arm-none-eabi/lib/thumb/v7-m/nofp\libc_nano.a(lib_a-memset.o)
 .ARM.attributes
                0x000000000000039b       0x1d g:/study/vixuly/stm32cubeide_1.7.0/stm32cubeide/plugins/com.st.stm32cube.ide.mcu.externaltools.gnu-tools-for-stm32.9-2020-q2-update.win32_2.0.0.202105311346/tools/bin/../lib/gcc/arm-none-eabi/9.3.1/thumb/v7-m/nofp/crtn.o
OUTPUT(lab3.elf elf32-littlearm)
LOAD linker stubs
LOAD g:/study/vixuly/stm32cubeide_1.7.0/stm32cubeide/plugins/com.st.stm32cube.ide.mcu.externaltools.gnu-tools-for-stm32.9-2020-q2-update.win32_2.0.0.202105311346/tools/bin/../lib/gcc/arm-none-eabi/9.3.1/../../../../arm-none-eabi/lib/thumb/v7-m/nofp\libc.a
LOAD g:/study/vixuly/stm32cubeide_1.7.0/stm32cubeide/plugins/com.st.stm32cube.ide.mcu.externaltools.gnu-tools-for-stm32.9-2020-q2-update.win32_2.0.0.202105311346/tools/bin/../lib/gcc/arm-none-eabi/9.3.1/../../../../arm-none-eabi/lib/thumb/v7-m/nofp\libm.a
LOAD g:/study/vixuly/stm32cubeide_1.7.0/stm32cubeide/plugins/com.st.stm32cube.ide.mcu.externaltools.gnu-tools-for-stm32.9-2020-q2-update.win32_2.0.0.202105311346/tools/bin/../lib/gcc/arm-none-eabi/9.3.1/thumb/v7-m/nofp\libgcc.a

.debug_info     0x0000000000000000     0x9a6b
 .debug_info    0x0000000000000000      0x3d9 ./Core/Src/button.o
 .debug_info    0x00000000000003d9      0x39f ./Core/Src/display7segment.o
 .debug_info    0x0000000000000778      0x343 ./Core/Src/fsm_automatic.o
 .debug_info    0x0000000000000abb      0x332 ./Core/Src/global.o
 .debug_info    0x0000000000000ded      0xcb7 ./Core/Src/main.o
 .debug_info    0x0000000000001aa4      0x227 ./Core/Src/software_timer.o
 .debug_info    0x0000000000001ccb      0xa05 ./Core/Src/stm32f1xx_hal_msp.o
 .debug_info    0x00000000000026d0      0x7b5 ./Core/Src/stm32f1xx_it.o
 .debug_info    0x0000000000002e85      0x2ba ./Core/Src/system_stm32f1xx.o
 .debug_info    0x000000000000313f      0x4d3 ./Core/Src/trafficlight.o
 .debug_info    0x0000000000003612       0x22 ./Core/Startup/startup_stm32f103c6ux.o
 .debug_info    0x0000000000003634      0x748 ./Drivers/STM32F1xx_HAL_Driver/Src/stm32f1xx_hal.o
 .debug_info    0x0000000000003d7c      0xbba ./Drivers/STM32F1xx_HAL_Driver/Src/stm32f1xx_hal_cortex.o
 .debug_info    0x0000000000004936      0x6fd ./Drivers/STM32F1xx_HAL_Driver/Src/stm32f1xx_hal_gpio.o
 .debug_info    0x0000000000005033      0x88f ./Drivers/STM32F1xx_HAL_Driver/Src/stm32f1xx_hal_rcc.o
 .debug_info    0x00000000000058c2     0x2c2e ./Drivers/STM32F1xx_HAL_Driver/Src/stm32f1xx_hal_tim.o
 .debug_info    0x00000000000084f0     0x157b ./Drivers/STM32F1xx_HAL_Driver/Src/stm32f1xx_hal_tim_ex.o

.debug_abbrev   0x0000000000000000     0x1b11
 .debug_abbrev  0x0000000000000000      0x147 ./Core/Src/button.o
 .debug_abbrev  0x0000000000000147      0x12b ./Core/Src/display7segment.o
 .debug_abbrev  0x0000000000000272       0xfc ./Core/Src/fsm_automatic.o
 .debug_abbrev  0x000000000000036e       0xa6 ./Core/Src/global.o
 .debug_abbrev  0x0000000000000414      0x245 ./Core/Src/main.o
 .debug_abbrev  0x0000000000000659       0xb3 ./Core/Src/software_timer.o
 .debug_abbrev  0x000000000000070c      0x1b4 ./Core/Src/stm32f1xx_hal_msp.o
 .debug_abbrev  0x00000000000008c0      0x173 ./Core/Src/stm32f1xx_it.o
 .debug_abbrev  0x0000000000000a33      0x14b ./Core/Src/system_stm32f1xx.o
 .debug_abbrev  0x0000000000000b7e      0x174 ./Core/Src/trafficlight.o
 .debug_abbrev  0x0000000000000cf2       0x12 ./Core/Startup/startup_stm32f103c6ux.o
 .debug_abbrev  0x0000000000000d04      0x1ea ./Drivers/STM32F1xx_HAL_Driver/Src/stm32f1xx_hal.o
 .debug_abbrev  0x0000000000000eee      0x310 ./Drivers/STM32F1xx_HAL_Driver/Src/stm32f1xx_hal_cortex.o
 .debug_abbrev  0x00000000000011fe      0x1e5 ./Drivers/STM32F1xx_HAL_Driver/Src/stm32f1xx_hal_gpio.o
 .debug_abbrev  0x00000000000013e3      0x270 ./Drivers/STM32F1xx_HAL_Driver/Src/stm32f1xx_hal_rcc.o
 .debug_abbrev  0x0000000000001653      0x25b ./Drivers/STM32F1xx_HAL_Driver/Src/stm32f1xx_hal_tim.o
 .debug_abbrev  0x00000000000018ae      0x263 ./Drivers/STM32F1xx_HAL_Driver/Src/stm32f1xx_hal_tim_ex.o

.debug_aranges  0x0000000000000000      0xab8
 .debug_aranges
                0x0000000000000000       0x50 ./Core/Src/button.o
 .debug_aranges
                0x0000000000000050       0x30 ./Core/Src/display7segment.o
 .debug_aranges
                0x0000000000000080       0x20 ./Core/Src/fsm_automatic.o
 .debug_aranges
                0x00000000000000a0       0x18 ./Core/Src/global.o
 .debug_aranges
                0x00000000000000b8       0x48 ./Core/Src/main.o
 .debug_aranges
                0x0000000000000100       0x50 ./Core/Src/software_timer.o
 .debug_aranges
                0x0000000000000150       0x30 ./Core/Src/stm32f1xx_hal_msp.o
 .debug_aranges
                0x0000000000000180       0x68 ./Core/Src/stm32f1xx_it.o
 .debug_aranges
                0x00000000000001e8       0x28 ./Core/Src/system_stm32f1xx.o
 .debug_aranges
                0x0000000000000210       0x80 ./Core/Src/trafficlight.o
 .debug_aranges
                0x0000000000000290       0x28 ./Core/Startup/startup_stm32f103c6ux.o
 .debug_aranges
                0x00000000000002b8       0xe0 ./Drivers/STM32F1xx_HAL_Driver/Src/stm32f1xx_hal.o
 .debug_aranges
                0x0000000000000398      0x100 ./Drivers/STM32F1xx_HAL_Driver/Src/stm32f1xx_hal_cortex.o
 .debug_aranges
                0x0000000000000498       0x58 ./Drivers/STM32F1xx_HAL_Driver/Src/stm32f1xx_hal_gpio.o
 .debug_aranges
                0x00000000000004f0       0x90 ./Drivers/STM32F1xx_HAL_Driver/Src/stm32f1xx_hal_rcc.o
 .debug_aranges
                0x0000000000000580      0x3d0 ./Drivers/STM32F1xx_HAL_Driver/Src/stm32f1xx_hal_tim.o
 .debug_aranges
                0x0000000000000950      0x168 ./Drivers/STM32F1xx_HAL_Driver/Src/stm32f1xx_hal_tim_ex.o

.debug_ranges   0x0000000000000000      0x9a8
 .debug_ranges  0x0000000000000000       0x40 ./Core/Src/button.o
 .debug_ranges  0x0000000000000040       0x20 ./Core/Src/display7segment.o
 .debug_ranges  0x0000000000000060       0x10 ./Core/Src/fsm_automatic.o
 .debug_ranges  0x0000000000000070       0x38 ./Core/Src/main.o
 .debug_ranges  0x00000000000000a8       0x40 ./Core/Src/software_timer.o
 .debug_ranges  0x00000000000000e8       0x20 ./Core/Src/stm32f1xx_hal_msp.o
 .debug_ranges  0x0000000000000108       0x58 ./Core/Src/stm32f1xx_it.o
 .debug_ranges  0x0000000000000160       0x18 ./Core/Src/system_stm32f1xx.o
 .debug_ranges  0x0000000000000178       0x70 ./Core/Src/trafficlight.o
 .debug_ranges  0x00000000000001e8       0x20 ./Core/Startup/startup_stm32f103c6ux.o
 .debug_ranges  0x0000000000000208       0xd0 ./Drivers/STM32F1xx_HAL_Driver/Src/stm32f1xx_hal.o
 .debug_ranges  0x00000000000002d8       0xf0 ./Drivers/STM32F1xx_HAL_Driver/Src/stm32f1xx_hal_cortex.o
 .debug_ranges  0x00000000000003c8       0x48 ./Drivers/STM32F1xx_HAL_Driver/Src/stm32f1xx_hal_gpio.o
 .debug_ranges  0x0000000000000410       0x80 ./Drivers/STM32F1xx_HAL_Driver/Src/stm32f1xx_hal_rcc.o
 .debug_ranges  0x0000000000000490      0x3c0 ./Drivers/STM32F1xx_HAL_Driver/Src/stm32f1xx_hal_tim.o
 .debug_ranges  0x0000000000000850      0x158 ./Drivers/STM32F1xx_HAL_Driver/Src/stm32f1xx_hal_tim_ex.o

.debug_line     0x0000000000000000     0x8541
 .debug_line    0x0000000000000000      0x409 ./Core/Src/button.o
 .debug_line    0x0000000000000409      0x396 ./Core/Src/display7segment.o
 .debug_line    0x000000000000079f      0x32a ./Core/Src/fsm_automatic.o
 .debug_line    0x0000000000000ac9      0x2ad ./Core/Src/global.o
 .debug_line    0x0000000000000d76      0x4ac ./Core/Src/main.o
 .debug_line    0x0000000000001222      0x179 ./Core/Src/software_timer.o
 .debug_line    0x000000000000139b      0x32b ./Core/Src/stm32f1xx_hal_msp.o
 .debug_line    0x00000000000016c6      0x3b7 ./Core/Src/stm32f1xx_it.o
 .debug_line    0x0000000000001a7d      0x341 ./Core/Src/system_stm32f1xx.o
 .debug_line    0x0000000000001dbe      0x55f ./Core/Src/trafficlight.o
 .debug_line    0x000000000000231d       0x86 ./Core/Startup/startup_stm32f103c6ux.o
 .debug_line    0x00000000000023a3      0x576 ./Drivers/STM32F1xx_HAL_Driver/Src/stm32f1xx_hal.o
 .debug_line    0x0000000000002919      0x756 ./Drivers/STM32F1xx_HAL_Driver/Src/stm32f1xx_hal_cortex.o
 .debug_line    0x000000000000306f      0x611 ./Drivers/STM32F1xx_HAL_Driver/Src/stm32f1xx_hal_gpio.o
 .debug_line    0x0000000000003680      0x9da ./Drivers/STM32F1xx_HAL_Driver/Src/stm32f1xx_hal_rcc.o
 .debug_line    0x000000000000405a     0x3004 ./Drivers/STM32F1xx_HAL_Driver/Src/stm32f1xx_hal_tim.o
 .debug_line    0x000000000000705e     0x14e3 ./Drivers/STM32F1xx_HAL_Driver/Src/stm32f1xx_hal_tim_ex.o

.debug_str      0x0000000000000000     0x2fd3
 .debug_str     0x0000000000000000      0x35a ./Core/Src/button.o
                                        0x3b0 (size before relaxing)
 .debug_str     0x000000000000035a      0x154 ./Core/Src/display7segment.o
                                        0x40a (size before relaxing)
 .debug_str     0x00000000000004ae       0x25 ./Core/Src/fsm_automatic.o
                                        0x3ca (size before relaxing)
 .debug_str     0x00000000000004d3       0x15 ./Core/Src/global.o
                                        0x389 (size before relaxing)
 .debug_str     0x00000000000004e8      0x71d ./Core/Src/main.o
                                        0xb4a (size before relaxing)
 .debug_str     0x0000000000000c05       0xc5 ./Core/Src/software_timer.o
                                        0x1e4 (size before relaxing)
 .debug_str     0x0000000000000cca      0x32b ./Core/Src/stm32f1xx_hal_msp.o
                                        0xa7e (size before relaxing)
 .debug_str     0x0000000000000ff5       0xbb ./Core/Src/stm32f1xx_it.o
                                        0x7ce (size before relaxing)
 .debug_str     0x00000000000010b0       0x52 ./Core/Src/system_stm32f1xx.o
                                        0x2f0 (size before relaxing)
 .debug_str     0x0000000000001102       0xfd ./Core/Src/trafficlight.o
                                        0x4b0 (size before relaxing)
 .debug_str     0x00000000000011ff       0x36 ./Core/Startup/startup_stm32f103c6ux.o
                                         0x70 (size before relaxing)
 .debug_str     0x0000000000001235      0x272 ./Drivers/STM32F1xx_HAL_Driver/Src/stm32f1xx_hal.o
                                        0x7ee (size before relaxing)
 .debug_str     0x00000000000014a7      0x400 ./Drivers/STM32F1xx_HAL_Driver/Src/stm32f1xx_hal_cortex.o
                                        0x94f (size before relaxing)
 .debug_str     0x00000000000018a7      0x14a ./Drivers/STM32F1xx_HAL_Driver/Src/stm32f1xx_hal_gpio.o
                                        0x4da (size before relaxing)
 .debug_str     0x00000000000019f1      0x21a ./Drivers/STM32F1xx_HAL_Driver/Src/stm32f1xx_hal_rcc.o
                                        0x695 (size before relaxing)
 .debug_str     0x0000000000001c0b      0xe4d ./Drivers/STM32F1xx_HAL_Driver/Src/stm32f1xx_hal_tim.o
                                       0x16d6 (size before relaxing)
 .debug_str     0x0000000000002a58      0x57b ./Drivers/STM32F1xx_HAL_Driver/Src/stm32f1xx_hal_tim_ex.o
                                        0xe77 (size before relaxing)

.comment        0x0000000000000000       0x53
 .comment       0x0000000000000000       0x53 ./Core/Src/button.o
                                         0x54 (size before relaxing)
 .comment       0x0000000000000053       0x54 ./Core/Src/display7segment.o
 .comment       0x0000000000000053       0x54 ./Core/Src/fsm_automatic.o
 .comment       0x0000000000000053       0x54 ./Core/Src/global.o
 .comment       0x0000000000000053       0x54 ./Core/Src/main.o
 .comment       0x0000000000000053       0x54 ./Core/Src/software_timer.o
 .comment       0x0000000000000053       0x54 ./Core/Src/stm32f1xx_hal_msp.o
 .comment       0x0000000000000053       0x54 ./Core/Src/stm32f1xx_it.o
 .comment       0x0000000000000053       0x54 ./Core/Src/system_stm32f1xx.o
 .comment       0x0000000000000053       0x54 ./Core/Src/trafficlight.o
 .comment       0x0000000000000053       0x54 ./Drivers/STM32F1xx_HAL_Driver/Src/stm32f1xx_hal.o
 .comment       0x0000000000000053       0x54 ./Drivers/STM32F1xx_HAL_Driver/Src/stm32f1xx_hal_cortex.o
 .comment       0x0000000000000053       0x54 ./Drivers/STM32F1xx_HAL_Driver/Src/stm32f1xx_hal_gpio.o
 .comment       0x0000000000000053       0x54 ./Drivers/STM32F1xx_HAL_Driver/Src/stm32f1xx_hal_rcc.o
 .comment       0x0000000000000053       0x54 ./Drivers/STM32F1xx_HAL_Driver/Src/stm32f1xx_hal_tim.o
 .comment       0x0000000000000053       0x54 ./Drivers/STM32F1xx_HAL_Driver/Src/stm32f1xx_hal_tim_ex.o

.debug_frame    0x0000000000000000     0x2a2c
 .debug_frame   0x0000000000000000       0xec ./Core/Src/button.o
 .debug_frame   0x00000000000000ec       0x7c ./Core/Src/display7segment.o
 .debug_frame   0x0000000000000168       0x2c ./Core/Src/fsm_automatic.o
 .debug_frame   0x0000000000000194       0xd4 ./Core/Src/main.o
 .debug_frame   0x0000000000000268      0x120 ./Core/Src/software_timer.o
 .debug_frame   0x0000000000000388       0x80 ./Core/Src/stm32f1xx_hal_msp.o
 .debug_frame   0x0000000000000408      0x120 ./Core/Src/stm32f1xx_it.o
 .debug_frame   0x0000000000000528       0x58 ./Core/Src/system_stm32f1xx.o
 .debug_frame   0x0000000000000580      0x1b4 ./Core/Src/trafficlight.o
 .debug_frame   0x0000000000000734      0x334 ./Drivers/STM32F1xx_HAL_Driver/Src/stm32f1xx_hal.o
 .debug_frame   0x0000000000000a68      0x428 ./Drivers/STM32F1xx_HAL_Driver/Src/stm32f1xx_hal_cortex.o
 .debug_frame   0x0000000000000e90      0x14c ./Drivers/STM32F1xx_HAL_Driver/Src/stm32f1xx_hal_gpio.o
 .debug_frame   0x0000000000000fdc      0x218 ./Drivers/STM32F1xx_HAL_Driver/Src/stm32f1xx_hal_rcc.o
 .debug_frame   0x00000000000011f4     0x11b4 ./Drivers/STM32F1xx_HAL_Driver/Src/stm32f1xx_hal_tim.o
 .debug_frame   0x00000000000023a8      0x638 ./Drivers/STM32F1xx_HAL_Driver/Src/stm32f1xx_hal_tim_ex.o
 .debug_frame   0x00000000000029e0       0x2c g:/study/vixuly/stm32cubeide_1.7.0/stm32cubeide/plugins/com.st.stm32cube.ide.mcu.externaltools.gnu-tools-for-stm32.9-2020-q2-update.win32_2.0.0.202105311346/tools/bin/../lib/gcc/arm-none-eabi/9.3.1/../../../../arm-none-eabi/lib/thumb/v7-m/nofp\libc_nano.a(lib_a-init.o)
 .debug_frame   0x0000000000002a0c       0x20 g:/study/vixuly/stm32cubeide_1.7.0/stm32cubeide/plugins/com.st.stm32cube.ide.mcu.externaltools.gnu-tools-for-stm32.9-2020-q2-update.win32_2.0.0.202105311346/tools/bin/../lib/gcc/arm-none-eabi/9.3.1/../../../../arm-none-eabi/lib/thumb/v7-m/nofp\libc_nano.a(lib_a-memset.o)
